// Vitest Snapshot v1, https://vitest.dev/guide/snapshot.html

exports[`целостность контента > golden-снапшот: полный список пар (lessonKey, pt) стабилен 1`] = `
[
  "basics_1||barato",
  "basics_1||bom / boa",
  "basics_1||caro",
  "basics_1||e",
  "basics_1||grande",
  "basics_1||mas",
  "basics_1||mau / má",
  "basics_1||muito",
  "basics_1||novo",
  "basics_1||não",
  "basics_1||ou",
  "basics_1||pequeno",
  "basics_1||porque",
  "basics_1||pouco",
  "basics_1||sim",
  "basics_1||velho",
  "basics_2||agora",
  "basics_2||ali",
  "basics_2||amanhã",
  "basics_2||aqui",
  "basics_2||bonito",
  "basics_2||feio",
  "basics_2||hoje",
  "basics_2||nunca",
  "basics_2||ontem",
  "basics_2||sempre",
  "body_1||boca",
  "body_1||braço",
  "body_1||cabeça",
  "body_1||costas",
  "body_1||estômago",
  "body_1||mão",
  "body_1||nariz",
  "body_1||olho",
  "body_1||ouvido",
  "body_1||pé",
  "body_2||alérgico",
  "body_2||ambulância",
  "body_2||cabelo",
  "body_2||cansado",
  "body_2||comprimido",
  "body_2||doente",
  "body_2||dor",
  "body_2||febre",
  "body_2||médico",
  "body_2||perna",
  "city_1||aeroporto",
  "city_1||banco",
  "city_1||estação",
  "city_1||farmácia",
  "city_1||hospital",
  "city_1||hotel",
  "city_1||praça",
  "city_1||restaurante",
  "city_1||rua",
  "city_1||supermercado",
  "city_2||autocarro",
  "city_2||avião",
  "city_2||barco",
  "city_2||carro",
  "city_2||comboio",
  "city_2||direita",
  "city_2||em frente",
  "city_2||esquerda",
  "city_2||longe",
  "city_2||metro",
  "city_2||perto",
  "city_2||táxi",
  "colors_1||amarelo",
  "colors_1||azul",
  "colors_1||branco",
  "colors_1||castanho",
  "colors_1||cinzento",
  "colors_1||cor-de-rosa",
  "colors_1||laranja",
  "colors_1||preto",
  "colors_1||verde",
  "colors_1||vermelho",
  "colors_2||alto",
  "colors_2||baixo",
  "colors_2||comprido",
  "colors_2||curto",
  "colors_2||gordo",
  "colors_2||idoso",
  "colors_2||jovem",
  "colors_2||magro",
  "days_1||dia",
  "days_1||domingo",
  "days_1||fim de semana",
  "days_1||quarta-feira",
  "days_1||quinta-feira",
  "days_1||segunda-feira",
  "days_1||semana",
  "days_1||sexta-feira",
  "days_1||sábado",
  "days_1||terça-feira",
  "days_2||ano",
  "days_2||cedo",
  "days_2||hora",
  "days_2||logo",
  "days_2||manhã",
  "days_2||meia-noite",
  "days_2||meio-dia",
  "days_2||minuto",
  "days_2||mês",
  "days_2||noite",
  "days_2||tarde",
  "family_1||avó",
  "family_1||avô",
  "family_1||filha",
  "family_1||filho",
  "family_1||irmã",
  "family_1||irmão",
  "family_1||marido",
  "family_1||mulher",
  "family_1||mãe",
  "family_1||pai",
  "family_1||prima",
  "family_1||primo",
  "family_1||tia",
  "family_1||tio",
  "food_1||arroz",
  "food_1||café",
  "food_1||frango",
  "food_1||fruta",
  "food_1||leite",
  "food_1||peixe",
  "food_1||pão",
  "food_1||salada",
  "food_1||sopa",
  "food_1||água",
  "food_2||almoço",
  "food_2||cerveja",
  "food_2||chá",
  "food_2||conta",
  "food_2||jantar",
  "food_2||pequeno-almoço",
  "food_2||sobremesa",
  "food_2||sumo",
  "food_2||vinho",
  "food_2||água com gás",
  "greetings_1||Até logo",
  "greetings_1||Boa noite",
  "greetings_1||Boa tarde",
  "greetings_1||Bom dia",
  "greetings_1||De nada",
  "greetings_1||Obrigada",
  "greetings_1||Obrigado",
  "greetings_1||Olá",
  "greetings_1||Por favor",
  "greetings_1||Tchau",
  "greetings_2||Até amanhã",
  "greetings_2||Chamo-me...",
  "greetings_2||Claro",
  "greetings_2||Com certeza",
  "greetings_2||Com licença",
  "greetings_2||Como está?",
  "greetings_2||Como se chama?",
  "greetings_2||Desculpe",
  "greetings_2||Estou bem.",
  "greetings_2||Prazer!",
  "home_1||apartamento",
  "home_1||cadeira",
  "home_1||cama",
  "home_1||casa",
  "home_1||casa de banho",
  "home_1||cozinha",
  "home_1||janela",
  "home_1||jardim",
  "home_1||mesa",
  "home_1||porta",
  "home_1||quarto",
  "home_1||sala",
  "home_1||sofá",
  "home_1||televisão",
  "home_2||chave",
  "home_2||computador",
  "home_2||frigorífico",
  "home_2||livro",
  "home_2||roupa",
  "home_2||telefone",
  "numbers_1||cinco",
  "numbers_1||dez",
  "numbers_1||dois / duas",
  "numbers_1||nove",
  "numbers_1||oito",
  "numbers_1||quatro",
  "numbers_1||seis",
  "numbers_1||sete",
  "numbers_1||três",
  "numbers_1||um / uma",
  "numbers_1||zero",
  "numbers_2||catorze",
  "numbers_2||cem",
  "numbers_2||cinquenta",
  "numbers_2||dezanove",
  "numbers_2||dezasseis",
  "numbers_2||dezassete",
  "numbers_2||dezoito",
  "numbers_2||doze",
  "numbers_2||onze",
  "numbers_2||quarenta",
  "numbers_2||quinze",
  "numbers_2||sessenta",
  "numbers_2||treze",
  "numbers_2||trinta",
  "numbers_2||vinte",
  "phrases_1||A conta, por favor.",
  "phrases_1||Como chego a...?",
  "phrases_1||Como se diz...?",
  "phrases_1||De onde é?",
  "phrases_1||Mais devagar, por favor.",
  "phrases_1||Não falo bem português.",
  "phrases_1||Não percebo.",
  "phrases_1||Onde é...?",
  "phrases_1||Pode ajudar-me?",
  "phrases_1||Pode repetir?",
  "phrases_1||Preciso de ajuda.",
  "phrases_1||Quanto custa?",
  "phrases_1||Tem...?",
  "verbs_1||beber",
  "verbs_1||comer",
  "verbs_1||estar",
  "verbs_1||falar",
  "verbs_1||fazer",
  "verbs_1||ir",
  "verbs_1||querer",
  "verbs_1||ser",
  "verbs_1||ter",
  "verbs_1||vir",
  "verbs_2||abrir",
  "verbs_2||chamar-se",
  "verbs_2||comprar",
  "verbs_2||gostar",
  "verbs_2||morar",
  "verbs_2||poder",
  "verbs_2||precisar",
  "verbs_2||saber",
  "verbs_2||trabalhar",
  "verbs_2||vender",
  "weather_1||calor",
  "weather_1||chuva",
  "weather_1||céu",
  "weather_1||floresta",
  "weather_1||frio",
  "weather_1||mar",
  "weather_1||montanha",
  "weather_1||neve",
  "weather_1||nevoeiro",
  "weather_1||nuvem",
  "weather_1||praia",
  "weather_1||rio",
  "weather_1||sol",
  "weather_1||tempo",
  "weather_1||vento",
]
`;
